------------------------------------------------------------
Timing Analyzer Summary
------------------------------------------------------------

Type  : Slow 1200mV 85C Model Setup 'pll_inst|altpll_component|auto_generated|pll1|clk[0]'
Slack : -5.020
TNS   : -261.581

Type  : Slow 1200mV 85C Model Setup 'pll_inst|altpll_component|auto_generated|pll1|clk[1]'
Slack : -3.013
TNS   : -51.784

Type  : Slow 1200mV 85C Model Setup 'ADXL345Handler:accelerometer|VeryBadSPI:adxl345|clkout'
Slack : -2.932
TNS   : -5.847

Type  : Slow 1200mV 85C Model Setup 'clkin'
Slack : -1.490
TNS   : -63.842

Type  : Slow 1200mV 85C Model Hold 'pll_inst|altpll_component|auto_generated|pll1|clk[1]'
Slack : 0.324
TNS   : 0.000

Type  : Slow 1200mV 85C Model Hold 'clkin'
Slack : 0.347
TNS   : 0.000

Type  : Slow 1200mV 85C Model Hold 'pll_inst|altpll_component|auto_generated|pll1|clk[0]'
Slack : 0.413
TNS   : 0.000

Type  : Slow 1200mV 85C Model Hold 'ADXL345Handler:accelerometer|VeryBadSPI:adxl345|clkout'
Slack : 0.423
TNS   : 0.000

Type  : Slow 1200mV 85C Model Recovery 'ADXL345Handler:accelerometer|VeryBadSPI:adxl345|clkout'
Slack : -2.601
TNS   : -33.669

Type  : Slow 1200mV 85C Model Recovery 'pll_inst|altpll_component|auto_generated|pll1|clk[1]'
Slack : 15.545
TNS   : 0.000

Type  : Slow 1200mV 85C Model Removal 'ADXL345Handler:accelerometer|VeryBadSPI:adxl345|clkout'
Slack : 2.797
TNS   : 0.000

Type  : Slow 1200mV 85C Model Removal 'pll_inst|altpll_component|auto_generated|pll1|clk[1]'
Slack : 23.965
TNS   : 0.000

Type  : Slow 1200mV 85C Model Minimum Pulse Width 'pause'
Slack : -3.000
TNS   : -4.403

Type  : Slow 1200mV 85C Model Minimum Pulse Width 'ADXL345Handler:accelerometer|VeryBadSPI:adxl345|clkout'
Slack : -1.403
TNS   : -65.941

Type  : Slow 1200mV 85C Model Minimum Pulse Width 'clkin'
Slack : 9.637
TNS   : 0.000

Type  : Slow 1200mV 85C Model Minimum Pulse Width 'pll_inst|altpll_component|auto_generated|pll1|clk[0]'
Slack : 19.718
TNS   : 0.000

Type  : Slow 1200mV 85C Model Minimum Pulse Width 'pll_inst|altpll_component|auto_generated|pll1|clk[1]'
Slack : 499.743
TNS   : 0.000

Type  : Slow 1200mV 0C Model Setup 'pll_inst|altpll_component|auto_generated|pll1|clk[0]'
Slack : -4.356
TNS   : -226.704

Type  : Slow 1200mV 0C Model Setup 'ADXL345Handler:accelerometer|VeryBadSPI:adxl345|clkout'
Slack : -3.034
TNS   : -4.648

Type  : Slow 1200mV 0C Model Setup 'pll_inst|altpll_component|auto_generated|pll1|clk[1]'
Slack : -2.474
TNS   : -42.232

Type  : Slow 1200mV 0C Model Setup 'clkin'
Slack : -1.359
TNS   : -58.193

Type  : Slow 1200mV 0C Model Hold 'pll_inst|altpll_component|auto_generated|pll1|clk[1]'
Slack : -0.004
TNS   : -0.004

Type  : Slow 1200mV 0C Model Hold 'clkin'
Slack : 0.311
TNS   : 0.000

Type  : Slow 1200mV 0C Model Hold 'pll_inst|altpll_component|auto_generated|pll1|clk[0]'
Slack : 0.333
TNS   : 0.000

Type  : Slow 1200mV 0C Model Hold 'ADXL345Handler:accelerometer|VeryBadSPI:adxl345|clkout'
Slack : 0.391
TNS   : 0.000

Type  : Slow 1200mV 0C Model Recovery 'ADXL345Handler:accelerometer|VeryBadSPI:adxl345|clkout'
Slack : -2.598
TNS   : -33.690

Type  : Slow 1200mV 0C Model Recovery 'pll_inst|altpll_component|auto_generated|pll1|clk[1]'
Slack : 15.784
TNS   : 0.000

Type  : Slow 1200mV 0C Model Removal 'ADXL345Handler:accelerometer|VeryBadSPI:adxl345|clkout'
Slack : 2.774
TNS   : 0.000

Type  : Slow 1200mV 0C Model Removal 'pll_inst|altpll_component|auto_generated|pll1|clk[1]'
Slack : 23.536
TNS   : 0.000

Type  : Slow 1200mV 0C Model Minimum Pulse Width 'pause'
Slack : -3.000
TNS   : -4.403

Type  : Slow 1200mV 0C Model Minimum Pulse Width 'ADXL345Handler:accelerometer|VeryBadSPI:adxl345|clkout'
Slack : -1.403
TNS   : -65.941

Type  : Slow 1200mV 0C Model Minimum Pulse Width 'clkin'
Slack : 9.649
TNS   : 0.000

Type  : Slow 1200mV 0C Model Minimum Pulse Width 'pll_inst|altpll_component|auto_generated|pll1|clk[0]'
Slack : 19.692
TNS   : 0.000

Type  : Slow 1200mV 0C Model Minimum Pulse Width 'pll_inst|altpll_component|auto_generated|pll1|clk[1]'
Slack : 499.710
TNS   : 0.000

Type  : Fast 1200mV 0C Model Setup 'pll_inst|altpll_component|auto_generated|pll1|clk[0]'
Slack : -2.296
TNS   : -120.184

Type  : Fast 1200mV 0C Model Setup 'pll_inst|altpll_component|auto_generated|pll1|clk[1]'
Slack : -1.204
TNS   : -20.454

Type  : Fast 1200mV 0C Model Setup 'ADXL345Handler:accelerometer|VeryBadSPI:adxl345|clkout'
Slack : -0.911
TNS   : -0.911

Type  : Fast 1200mV 0C Model Setup 'clkin'
Slack : -0.653
TNS   : -27.249

Type  : Fast 1200mV 0C Model Hold 'pll_inst|altpll_component|auto_generated|pll1|clk[1]'
Slack : 0.092
TNS   : 0.000

Type  : Fast 1200mV 0C Model Hold 'clkin'
Slack : 0.152
TNS   : 0.000

Type  : Fast 1200mV 0C Model Hold 'ADXL345Handler:accelerometer|VeryBadSPI:adxl345|clkout'
Slack : 0.158
TNS   : 0.000

Type  : Fast 1200mV 0C Model Hold 'pll_inst|altpll_component|auto_generated|pll1|clk[0]'
Slack : 0.206
TNS   : 0.000

Type  : Fast 1200mV 0C Model Recovery 'ADXL345Handler:accelerometer|VeryBadSPI:adxl345|clkout'
Slack : -0.917
TNS   : -11.873

Type  : Fast 1200mV 0C Model Recovery 'pll_inst|altpll_component|auto_generated|pll1|clk[1]'
Slack : 17.968
TNS   : 0.000

Type  : Fast 1200mV 0C Model Removal 'ADXL345Handler:accelerometer|VeryBadSPI:adxl345|clkout'
Slack : 1.167
TNS   : 0.000

Type  : Fast 1200mV 0C Model Removal 'pll_inst|altpll_component|auto_generated|pll1|clk[1]'
Slack : 21.716
TNS   : 0.000

Type  : Fast 1200mV 0C Model Minimum Pulse Width 'pause'
Slack : -3.000
TNS   : -4.287

Type  : Fast 1200mV 0C Model Minimum Pulse Width 'ADXL345Handler:accelerometer|VeryBadSPI:adxl345|clkout'
Slack : -1.000
TNS   : -47.000

Type  : Fast 1200mV 0C Model Minimum Pulse Width 'clkin'
Slack : 9.329
TNS   : 0.000

Type  : Fast 1200mV 0C Model Minimum Pulse Width 'pll_inst|altpll_component|auto_generated|pll1|clk[0]'
Slack : 19.761
TNS   : 0.000

Type  : Fast 1200mV 0C Model Minimum Pulse Width 'pll_inst|altpll_component|auto_generated|pll1|clk[1]'
Slack : 499.739
TNS   : 0.000

------------------------------------------------------------
