------------------------------------------------------------
Timing Analyzer Summary
------------------------------------------------------------

Type  : Slow 1200mV 85C Model Setup 'ADXL345Handler:accelerometer|VeryBadSPI:adxl345|clkout'
Slack : -6.139
TNS   : -8.533

Type  : Slow 1200mV 85C Model Setup 'pll_inst|altpll_component|auto_generated|pll1|clk[0]'
Slack : -5.078
TNS   : -221.273

Type  : Slow 1200mV 85C Model Setup 'pll_inst|altpll_component|auto_generated|pll1|clk[1]'
Slack : -3.020
TNS   : -51.894

Type  : Slow 1200mV 85C Model Setup 'clkin'
Slack : -1.295
TNS   : -50.876

Type  : Slow 1200mV 85C Model Hold 'pll_inst|altpll_component|auto_generated|pll1|clk[1]'
Slack : 0.324
TNS   : 0.000

Type  : Slow 1200mV 85C Model Hold 'clkin'
Slack : 0.329
TNS   : 0.000

Type  : Slow 1200mV 85C Model Hold 'pll_inst|altpll_component|auto_generated|pll1|clk[0]'
Slack : 0.405
TNS   : 0.000

Type  : Slow 1200mV 85C Model Hold 'ADXL345Handler:accelerometer|VeryBadSPI:adxl345|clkout'
Slack : 0.421
TNS   : 0.000

Type  : Slow 1200mV 85C Model Recovery 'ADXL345Handler:accelerometer|VeryBadSPI:adxl345|clkout'
Slack : -2.551
TNS   : -33.163

Type  : Slow 1200mV 85C Model Recovery 'pll_inst|altpll_component|auto_generated|pll1|clk[1]'
Slack : 17.868
TNS   : 0.000

Type  : Slow 1200mV 85C Model Removal 'ADXL345Handler:accelerometer|VeryBadSPI:adxl345|clkout'
Slack : 2.825
TNS   : 0.000

Type  : Slow 1200mV 85C Model Removal 'pll_inst|altpll_component|auto_generated|pll1|clk[1]'
Slack : 21.805
TNS   : 0.000

Type  : Slow 1200mV 85C Model Minimum Pulse Width 'pause'
Slack : -3.000
TNS   : -4.403

Type  : Slow 1200mV 85C Model Minimum Pulse Width 'ADXL345Handler:accelerometer|VeryBadSPI:adxl345|clkout'
Slack : -1.403
TNS   : -65.941

Type  : Slow 1200mV 85C Model Minimum Pulse Width 'clkin'
Slack : 9.623
TNS   : 0.000

Type  : Slow 1200mV 85C Model Minimum Pulse Width 'pll_inst|altpll_component|auto_generated|pll1|clk[0]'
Slack : 19.719
TNS   : 0.000

Type  : Slow 1200mV 85C Model Minimum Pulse Width 'pll_inst|altpll_component|auto_generated|pll1|clk[1]'
Slack : 499.743
TNS   : 0.000

Type  : Slow 1200mV 0C Model Setup 'ADXL345Handler:accelerometer|VeryBadSPI:adxl345|clkout'
Slack : -5.658
TNS   : -7.023

Type  : Slow 1200mV 0C Model Setup 'pll_inst|altpll_component|auto_generated|pll1|clk[0]'
Slack : -4.445
TNS   : -192.812

Type  : Slow 1200mV 0C Model Setup 'pll_inst|altpll_component|auto_generated|pll1|clk[1]'
Slack : -2.484
TNS   : -42.402

Type  : Slow 1200mV 0C Model Setup 'clkin'
Slack : -1.226
TNS   : -47.839

Type  : Slow 1200mV 0C Model Hold 'pll_inst|altpll_component|auto_generated|pll1|clk[1]'
Slack : -0.004
TNS   : -0.004

Type  : Slow 1200mV 0C Model Hold 'clkin'
Slack : 0.295
TNS   : 0.000

Type  : Slow 1200mV 0C Model Hold 'pll_inst|altpll_component|auto_generated|pll1|clk[0]'
Slack : 0.326
TNS   : 0.000

Type  : Slow 1200mV 0C Model Hold 'ADXL345Handler:accelerometer|VeryBadSPI:adxl345|clkout'
Slack : 0.385
TNS   : 0.000

Type  : Slow 1200mV 0C Model Recovery 'ADXL345Handler:accelerometer|VeryBadSPI:adxl345|clkout'
Slack : -2.660
TNS   : -34.580

Type  : Slow 1200mV 0C Model Recovery 'pll_inst|altpll_component|auto_generated|pll1|clk[1]'
Slack : 18.007
TNS   : 0.000

Type  : Slow 1200mV 0C Model Removal 'ADXL345Handler:accelerometer|VeryBadSPI:adxl345|clkout'
Slack : 2.724
TNS   : 0.000

Type  : Slow 1200mV 0C Model Removal 'pll_inst|altpll_component|auto_generated|pll1|clk[1]'
Slack : 21.654
TNS   : 0.000

Type  : Slow 1200mV 0C Model Minimum Pulse Width 'pause'
Slack : -3.000
TNS   : -4.403

Type  : Slow 1200mV 0C Model Minimum Pulse Width 'ADXL345Handler:accelerometer|VeryBadSPI:adxl345|clkout'
Slack : -1.403
TNS   : -65.941

Type  : Slow 1200mV 0C Model Minimum Pulse Width 'clkin'
Slack : 9.652
TNS   : 0.000

Type  : Slow 1200mV 0C Model Minimum Pulse Width 'pll_inst|altpll_component|auto_generated|pll1|clk[0]'
Slack : 19.702
TNS   : 0.000

Type  : Slow 1200mV 0C Model Minimum Pulse Width 'pll_inst|altpll_component|auto_generated|pll1|clk[1]'
Slack : 499.721
TNS   : 0.000

Type  : Fast 1200mV 0C Model Setup 'ADXL345Handler:accelerometer|VeryBadSPI:adxl345|clkout'
Slack : -2.455
TNS   : -2.455

Type  : Fast 1200mV 0C Model Setup 'pll_inst|altpll_component|auto_generated|pll1|clk[0]'
Slack : -2.293
TNS   : -101.653

Type  : Fast 1200mV 0C Model Setup 'pll_inst|altpll_component|auto_generated|pll1|clk[1]'
Slack : -1.206
TNS   : -20.496

Type  : Fast 1200mV 0C Model Setup 'clkin'
Slack : -0.542
TNS   : -21.496

Type  : Fast 1200mV 0C Model Hold 'pll_inst|altpll_component|auto_generated|pll1|clk[1]'
Slack : 0.092
TNS   : 0.000

Type  : Fast 1200mV 0C Model Hold 'clkin'
Slack : 0.144
TNS   : 0.000

Type  : Fast 1200mV 0C Model Hold 'ADXL345Handler:accelerometer|VeryBadSPI:adxl345|clkout'
Slack : 0.161
TNS   : 0.000

Type  : Fast 1200mV 0C Model Hold 'pll_inst|altpll_component|auto_generated|pll1|clk[0]'
Slack : 0.203
TNS   : 0.000

Type  : Fast 1200mV 0C Model Recovery 'ADXL345Handler:accelerometer|VeryBadSPI:adxl345|clkout'
Slack : -0.837
TNS   : -10.881

Type  : Fast 1200mV 0C Model Recovery 'pll_inst|altpll_component|auto_generated|pll1|clk[1]'
Slack : 19.078
TNS   : 0.000

Type  : Fast 1200mV 0C Model Removal 'ADXL345Handler:accelerometer|VeryBadSPI:adxl345|clkout'
Slack : 1.139
TNS   : 0.000

Type  : Fast 1200mV 0C Model Removal 'pll_inst|altpll_component|auto_generated|pll1|clk[1]'
Slack : 20.753
TNS   : 0.000

Type  : Fast 1200mV 0C Model Minimum Pulse Width 'pause'
Slack : -3.000
TNS   : -4.307

Type  : Fast 1200mV 0C Model Minimum Pulse Width 'ADXL345Handler:accelerometer|VeryBadSPI:adxl345|clkout'
Slack : -1.000
TNS   : -47.000

Type  : Fast 1200mV 0C Model Minimum Pulse Width 'clkin'
Slack : 9.302
TNS   : 0.000

Type  : Fast 1200mV 0C Model Minimum Pulse Width 'pll_inst|altpll_component|auto_generated|pll1|clk[0]'
Slack : 19.770
TNS   : 0.000

Type  : Fast 1200mV 0C Model Minimum Pulse Width 'pll_inst|altpll_component|auto_generated|pll1|clk[1]'
Slack : 499.744
TNS   : 0.000

------------------------------------------------------------
