------------------------------------------------------------
Timing Analyzer Summary
------------------------------------------------------------

Type  : Slow 1200mV 85C Model Setup 'clkin'
Slack : -4.015
TNS   : -104.382

Type  : Slow 1200mV 85C Model Setup 'pause'
Slack : -0.274
TNS   : -0.274

Type  : Slow 1200mV 85C Model Hold 'clkin'
Slack : 0.347
TNS   : 0.000

Type  : Slow 1200mV 85C Model Hold 'pause'
Slack : 0.765
TNS   : 0.000

Type  : Slow 1200mV 85C Model Recovery 'clkin'
Slack : -2.369
TNS   : -91.280

Type  : Slow 1200mV 85C Model Removal 'clkin'
Slack : 1.894
TNS   : 0.000

Type  : Slow 1200mV 85C Model Minimum Pulse Width 'clkin'
Slack : -3.000
TNS   : -59.120

Type  : Slow 1200mV 85C Model Minimum Pulse Width 'pause'
Slack : -3.000
TNS   : -4.403

Type  : Slow 1200mV 85C Model Minimum Pulse Width 'reset'
Slack : -3.000
TNS   : -3.000

Type  : Slow 1200mV 0C Model Setup 'clkin'
Slack : -3.583
TNS   : -91.284

Type  : Slow 1200mV 0C Model Setup 'pause'
Slack : -0.171
TNS   : -0.171

Type  : Slow 1200mV 0C Model Hold 'clkin'
Slack : 0.311
TNS   : 0.000

Type  : Slow 1200mV 0C Model Hold 'pause'
Slack : 0.697
TNS   : 0.000

Type  : Slow 1200mV 0C Model Recovery 'clkin'
Slack : -2.096
TNS   : -80.890

Type  : Slow 1200mV 0C Model Removal 'clkin'
Slack : 1.874
TNS   : 0.000

Type  : Slow 1200mV 0C Model Minimum Pulse Width 'clkin'
Slack : -3.000
TNS   : -59.120

Type  : Slow 1200mV 0C Model Minimum Pulse Width 'pause'
Slack : -3.000
TNS   : -4.403

Type  : Slow 1200mV 0C Model Minimum Pulse Width 'reset'
Slack : -3.000
TNS   : -3.000

Type  : Fast 1200mV 0C Model Setup 'clkin'
Slack : -1.237
TNS   : -25.325

Type  : Fast 1200mV 0C Model Setup 'pause'
Slack : 0.483
TNS   : 0.000

Type  : Fast 1200mV 0C Model Hold 'clkin'
Slack : 0.152
TNS   : 0.000

Type  : Fast 1200mV 0C Model Hold 'pause'
Slack : 0.313
TNS   : 0.000

Type  : Fast 1200mV 0C Model Recovery 'clkin'
Slack : -1.193
TNS   : -46.452

Type  : Fast 1200mV 0C Model Removal 'clkin'
Slack : 0.598
TNS   : 0.000

Type  : Fast 1200mV 0C Model Minimum Pulse Width 'clkin'
Slack : -3.000
TNS   : -49.808

Type  : Fast 1200mV 0C Model Minimum Pulse Width 'pause'
Slack : -3.000
TNS   : -4.245

Type  : Fast 1200mV 0C Model Minimum Pulse Width 'reset'
Slack : -3.000
TNS   : -3.003

------------------------------------------------------------
